<?xml version="1.0" encoding="utf-8"?>
<Report ver="2" type="prc">
  <Bands>
    <PrintBlock>
      <Controls>
        <ReportAttribute>
          <RPT_TEXT_MODE>False</RPT_TEXT_MODE>
          <RPT_INTERNAL_NAME>DiagnosticoTitulo</RPT_INTERNAL_NAME>
          <RPT_ID>2</RPT_ID>
          <RPT_VISIBLE>True</RPT_VISIBLE>
          <ControlName>DiagnosticoTitulo</ControlName>
          <AttID>DiagnosticoTitulo</AttID>
          <AttType>13</AttType>
          <BaseAttType>13</BaseAttType>
          <PROP_EXT_BASE_ATT_COLLECTION>False</PROP_EXT_BASE_ATT_COLLECTION>
          <GxObjClass>1</GxObjClass>
          <isVariable>False</isVariable>
          <isAttribute>True</isAttribute>
          <ColCount>40</ColCount>
          <ControlType>Edit</ControlType>
          <IsEnumerated>False</IsEnumerated>
          <RowIndex>1</RowIndex>
          <ColIndex>1</ColIndex>
          <AttNumDim>0</AttNumDim>
          <AttCollection>False</AttCollection>
          <idIsSDControl>False</idIsSDControl>
          <RPT_TEXT>Text</RPT_TEXT>
          <RPT_X>17</RPT_X>
          <RPT_Y>50</RPT_Y>
          <RPT_WIDTH>633</RPT_WIDTH>
          <RPT_WIDTH_Default>376</RPT_WIDTH_Default>
          <RPT_HEIGHT>24</RPT_HEIGHT>
          <RPT_HEIGHT_Default>24</RPT_HEIGHT_Default>
          <RPT_FORECOLOR>Black, ARGB(255,0,0,0)</RPT_FORECOLOR>
          <RPT_BACKCOLOR>Transparent, ARGB(0,255,255,255)</RPT_BACKCOLOR>
          <RPT_BORDERS>None</RPT_BORDERS>
          <RPT_BORDERWIDTH>1</RPT_BORDERWIDTH>
          <RPT_BORDERCOLOR>Black, ARGB(255,0,0,0)</RPT_BORDERCOLOR>
          <RPT_ALIGNMENT>MiddleCenter</RPT_ALIGNMENT>
          <RPT_FONT>Arial, 14.25pt, style=Bold</RPT_FONT>
          <GxFormat>Text</GxFormat>
          <RPT_WORDWRAP>False</RPT_WORDWRAP>
          <AttEditNameProtected>False</AttEditNameProtected>
          <IsStandardVariable>False</IsStandardVariable>
          <idIsAutoDefinedVariable>False</idIsAutoDefinedVariable>
          <AttEditDisableArrays>False</AttEditDisableArrays>
          <AttEditNewVariable>False</AttEditNewVariable>
          <AttEditDontAssign>False</AttEditDontAssign>
        </ReportAttribute>
        <ReportLabel>
          <RPT_TEXT_MODE>False</RPT_TEXT_MODE>
          <RPT_INTERNAL_NAME>gxReportLabel1</RPT_INTERNAL_NAME>
          <RPT_ID>17</RPT_ID>
          <RPT_VISIBLE>True</RPT_VISIBLE>
          <RPT_TEXT>Unicist Logical  Management Tools</RPT_TEXT>
          <RPT_X>17</RPT_X>
          <RPT_Y>17</RPT_Y>
          <RPT_WIDTH>633</RPT_WIDTH>
          <RPT_HEIGHT>23</RPT_HEIGHT>
          <RPT_FORECOLOR>Black, ARGB(255,0,0,0)</RPT_FORECOLOR>
          <RPT_BACKCOLOR>Transparent, ARGB(0,255,255,255)</RPT_BACKCOLOR>
          <RPT_BORDERS>None</RPT_BORDERS>
          <RPT_BORDERWIDTH>1</RPT_BORDERWIDTH>
          <RPT_BORDERCOLOR>Black, ARGB(255,0,0,0)</RPT_BORDERCOLOR>
          <RPT_ALIGNMENT>MiddleCenter</RPT_ALIGNMENT>
          <RPT_FONT>Arial, 14.25pt</RPT_FONT>
          <RPT_WORDWRAP>False</RPT_WORDWRAP>
        </ReportLabel>
      </Controls>
      <Properties>
        <RPT_TEXT_MODE>False</RPT_TEXT_MODE>
        <RPT_INTERNAL_NAME>Diagnostico</RPT_INTERNAL_NAME>
        <RPT_ID>12</RPT_ID>
        <RPT_VISIBLE>True</RPT_VISIBLE>
        <RPT_TEXT>Text</RPT_TEXT>
        <RPT_X>0</RPT_X>
        <RPT_Y>0</RPT_Y>
        <RPT_WIDTH>100</RPT_WIDTH>
        <RPT_HEIGHT>104</RPT_HEIGHT>
      </Properties>
    </PrintBlock>
    <PrintBlock>
      <Controls>
        <ReportAttribute>
          <RPT_TEXT_MODE>False</RPT_TEXT_MODE>
          <RPT_INTERNAL_NAME>SeccionImagen</RPT_INTERNAL_NAME>
          <RPT_ID>32</RPT_ID>
          <RPT_VISIBLE>True</RPT_VISIBLE>
          <ControlName>SeccionImagen</ControlName>
          <AttID>SeccionImagen</AttID>
          <AttType>7</AttType>
          <BaseAttType>7</BaseAttType>
          <PROP_EXT_BASE_ATT_COLLECTION>False</PROP_EXT_BASE_ATT_COLLECTION>
          <GxObjClass>1</GxObjClass>
          <isVariable>False</isVariable>
          <isAttribute>True</isAttribute>
          <ColCount>5</ColCount>
          <ControlType>Edit</ControlType>
          <IsEnumerated>False</IsEnumerated>
          <RowIndex>1</RowIndex>
          <ColIndex>1</ColIndex>
          <AttNumDim>0</AttNumDim>
          <AttCollection>False</AttCollection>
          <idIsSDControl>False</idIsSDControl>
          <RPT_TEXT>Text</RPT_TEXT>
          <RPT_X>150</RPT_X>
          <RPT_Y>0</RPT_Y>
          <RPT_WIDTH>353</RPT_WIDTH>
          <RPT_WIDTH_Default>32</RPT_WIDTH_Default>
          <RPT_HEIGHT>266</RPT_HEIGHT>
          <RPT_HEIGHT_Default>15</RPT_HEIGHT_Default>
          <RPT_FORECOLOR>Black, ARGB(255,0,0,0)</RPT_FORECOLOR>
          <RPT_BACKCOLOR>Transparent, ARGB(0,255,255,255)</RPT_BACKCOLOR>
          <RPT_BORDERS>None</RPT_BORDERS>
          <RPT_BORDERWIDTH>1</RPT_BORDERWIDTH>
          <RPT_BORDERCOLOR>Black, ARGB(255,0,0,0)</RPT_BORDERCOLOR>
          <RPT_ALIGNMENT>TopLeft</RPT_ALIGNMENT>
          <RPT_FONT>Microsoft Sans Serif, 8pt</RPT_FONT>
          <GxFormat>Text</GxFormat>
          <RPT_WORDWRAP>False</RPT_WORDWRAP>
          <AttEditNameProtected>False</AttEditNameProtected>
          <IsStandardVariable>False</IsStandardVariable>
          <idIsAutoDefinedVariable>False</idIsAutoDefinedVariable>
          <AttEditDisableArrays>False</AttEditDisableArrays>
          <AttEditNewVariable>False</AttEditNewVariable>
          <AttEditDontAssign>False</AttEditDontAssign>
        </ReportAttribute>
      </Controls>
      <Properties>
        <RPT_TEXT_MODE>False</RPT_TEXT_MODE>
        <RPT_INTERNAL_NAME>Imagen</RPT_INTERNAL_NAME>
        <RPT_ID>31</RPT_ID>
        <RPT_VISIBLE>True</RPT_VISIBLE>
        <RPT_TEXT>Text</RPT_TEXT>
        <RPT_X>0</RPT_X>
        <RPT_Y>0</RPT_Y>
        <RPT_WIDTH>100</RPT_WIDTH>
        <RPT_HEIGHT>266</RPT_HEIGHT>
      </Properties>
    </PrintBlock>
    <PrintBlock>
      <Controls>
        <ReportLabel>
          <RPT_TEXT_MODE>False</RPT_TEXT_MODE>
          <RPT_INTERNAL_NAME>gxReportLabel2</RPT_INTERNAL_NAME>
          <RPT_ID>34</RPT_ID>
          <RPT_VISIBLE>True</RPT_VISIBLE>
          <RPT_TEXT>Descriptive Diagnosis</RPT_TEXT>
          <RPT_X>33</RPT_X>
          <RPT_Y>17</RPT_Y>
          <RPT_WIDTH>225</RPT_WIDTH>
          <RPT_HEIGHT>33</RPT_HEIGHT>
          <RPT_FORECOLOR>Black, ARGB(255,0,0,0)</RPT_FORECOLOR>
          <RPT_BACKCOLOR>Transparent, ARGB(0,255,255,255)</RPT_BACKCOLOR>
          <RPT_BORDERS>None</RPT_BORDERS>
          <RPT_BORDERWIDTH>1</RPT_BORDERWIDTH>
          <RPT_BORDERCOLOR>Black, ARGB(255,0,0,0)</RPT_BORDERCOLOR>
          <RPT_ALIGNMENT>TopLeft</RPT_ALIGNMENT>
          <RPT_FONT>Arial, 12pt, style=Bold</RPT_FONT>
          <RPT_WORDWRAP>False</RPT_WORDWRAP>
        </ReportLabel>
      </Controls>
      <Properties>
        <RPT_TEXT_MODE>False</RPT_TEXT_MODE>
        <RPT_INTERNAL_NAME>InicioDescriptivo</RPT_INTERNAL_NAME>
        <RPT_ID>33</RPT_ID>
        <RPT_VISIBLE>True</RPT_VISIBLE>
        <RPT_TEXT>Text</RPT_TEXT>
        <RPT_X>0</RPT_X>
        <RPT_Y>0</RPT_Y>
        <RPT_WIDTH>100</RPT_WIDTH>
        <RPT_HEIGHT>50</RPT_HEIGHT>
      </Properties>
    </PrintBlock>
    <PrintBlock>
      <Controls>
        <ReportAttribute>
          <RPT_TEXT_MODE>False</RPT_TEXT_MODE>
          <RPT_INTERNAL_NAME>RespuestaDescriptivaValor</RPT_INTERNAL_NAME>
          <RPT_ID>1</RPT_ID>
          <RPT_VISIBLE>True</RPT_VISIBLE>
          <ControlName>RespuestaDescriptivaValor</ControlName>
          <AttID>RespuestaDescriptivaValor</AttID>
          <AttType>8</AttType>
          <BaseAttType>8</BaseAttType>
          <PROP_EXT_BASE_ATT_COLLECTION>False</PROP_EXT_BASE_ATT_COLLECTION>
          <GxObjClass>1</GxObjClass>
          <isVariable>False</isVariable>
          <isAttribute>True</isAttribute>
          <ColCount>255</ColCount>
          <ControlType>Edit</ControlType>
          <IsEnumerated>False</IsEnumerated>
          <RowIndex>1</RowIndex>
          <ColIndex>1</ColIndex>
          <AttNumDim>0</AttNumDim>
          <AttCollection>False</AttCollection>
          <idIsSDControl>False</idIsSDControl>
          <RPT_TEXT>Text</RPT_TEXT>
          <RPT_X>33</RPT_X>
          <RPT_Y>0</RPT_Y>
          <RPT_WIDTH>633</RPT_WIDTH>
          <RPT_WIDTH_Default>1860</RPT_WIDTH_Default>
          <RPT_HEIGHT>100</RPT_HEIGHT>
          <RPT_HEIGHT_Default>19</RPT_HEIGHT_Default>
          <RPT_FORECOLOR>Black, ARGB(255,0,0,0)</RPT_FORECOLOR>
          <RPT_BACKCOLOR>Transparent, ARGB(0,255,255,255)</RPT_BACKCOLOR>
          <RPT_BORDERS>None</RPT_BORDERS>
          <RPT_BORDERWIDTH>1</RPT_BORDERWIDTH>
          <RPT_BORDERCOLOR>Black, ARGB(255,0,0,0)</RPT_BORDERCOLOR>
          <RPT_ALIGNMENT>TopLeft</RPT_ALIGNMENT>
          <RPT_FONT>Arial, 11.25pt</RPT_FONT>
          <GxFormat>Text</GxFormat>
          <RPT_WORDWRAP>False</RPT_WORDWRAP>
          <AttEditNameProtected>False</AttEditNameProtected>
          <IsStandardVariable>False</IsStandardVariable>
          <idIsAutoDefinedVariable>False</idIsAutoDefinedVariable>
          <AttEditDisableArrays>False</AttEditDisableArrays>
          <AttEditNewVariable>False</AttEditNewVariable>
          <AttEditDontAssign>False</AttEditDontAssign>
        </ReportAttribute>
        <ReportImage>
          <RPT_INTERNAL_NAME>gxReportImage2</RPT_INTERNAL_NAME>
          <RPT_ID>30</RPT_ID>
          <RPT_VISIBLE>True</RPT_VISIBLE>
          <RPT_X>17</RPT_X>
          <RPT_Y>0</RPT_Y>
          <RPT_WIDTH>11</RPT_WIDTH>
          <RPT_HEIGHT>11</RPT_HEIGHT>
          <imagereference>9fb193d9-64a4-4d30-b129-ff7c76830f7e-dot</imagereference>
          <RPT_SYSTEM_IMAGE>System.Drawing.Bitmap</RPT_SYSTEM_IMAGE>
        </ReportImage>
      </Controls>
      <Properties>
        <RPT_TEXT_MODE>False</RPT_TEXT_MODE>
        <RPT_INTERNAL_NAME>Descriptivas</RPT_INTERNAL_NAME>
        <RPT_ID>4</RPT_ID>
        <RPT_VISIBLE>True</RPT_VISIBLE>
        <RPT_TEXT>Text</RPT_TEXT>
        <RPT_X>0</RPT_X>
        <RPT_Y>0</RPT_Y>
        <RPT_WIDTH>100</RPT_WIDTH>
        <RPT_HEIGHT>108</RPT_HEIGHT>
      </Properties>
    </PrintBlock>
    <PrintBlock>
      <Controls>
        <ReportAttribute>
          <RPT_TEXT_MODE>False</RPT_TEXT_MODE>
          <RPT_INTERNAL_NAME>RespuestaConceptualValor</RPT_INTERNAL_NAME>
          <RPT_ID>10</RPT_ID>
          <RPT_VISIBLE>True</RPT_VISIBLE>
          <ControlName>RespuestaConceptualValor</ControlName>
          <AttID>RespuestaConceptualValor</AttID>
          <AttType>4</AttType>
          <BaseAttType>4</BaseAttType>
          <PROP_EXT_BASE_ATT_COLLECTION>False</PROP_EXT_BASE_ATT_COLLECTION>
          <GxObjClass>1</GxObjClass>
          <isVariable>False</isVariable>
          <isAttribute>True</isAttribute>
          <ColCount>4</ColCount>
          <ControlType>Edit</ControlType>
          <IsEnumerated>False</IsEnumerated>
          <RowIndex>1</RowIndex>
          <ColIndex>1</ColIndex>
          <AttNumDim>0</AttNumDim>
          <AttCollection>False</AttCollection>
          <idIsSDControl>False</idIsSDControl>
          <RPT_TEXT>Text</RPT_TEXT>
          <RPT_X>17</RPT_X>
          <RPT_Y>0</RPT_Y>
          <RPT_WIDTH>175</RPT_WIDTH>
          <RPT_WIDTH_Default>26</RPT_WIDTH_Default>
          <RPT_HEIGHT>15</RPT_HEIGHT>
          <RPT_HEIGHT_Default>15</RPT_HEIGHT_Default>
          <RPT_FORECOLOR>Black, ARGB(255,0,0,0)</RPT_FORECOLOR>
          <RPT_BACKCOLOR>Transparent, ARGB(0,255,255,255)</RPT_BACKCOLOR>
          <RPT_BORDERS>None</RPT_BORDERS>
          <RPT_BORDERWIDTH>1</RPT_BORDERWIDTH>
          <RPT_BORDERCOLOR>Black, ARGB(255,0,0,0)</RPT_BORDERCOLOR>
          <RPT_ALIGNMENT>TopRight</RPT_ALIGNMENT>
          <RPT_FONT>Microsoft Sans Serif, 8pt</RPT_FONT>
          <GxFormat>Text</GxFormat>
          <RPT_WORDWRAP>False</RPT_WORDWRAP>
          <AttEditNameProtected>False</AttEditNameProtected>
          <IsStandardVariable>False</IsStandardVariable>
          <idIsAutoDefinedVariable>False</idIsAutoDefinedVariable>
          <AttEditDisableArrays>False</AttEditDisableArrays>
          <AttEditNewVariable>False</AttEditNewVariable>
          <AttEditDontAssign>False</AttEditDontAssign>
        </ReportAttribute>
        <ReportAttribute>
          <RPT_TEXT_MODE>False</RPT_TEXT_MODE>
          <RPT_INTERNAL_NAME>PreguntaConceptualId</RPT_INTERNAL_NAME>
          <RPT_ID>11</RPT_ID>
          <RPT_VISIBLE>True</RPT_VISIBLE>
          <ControlName>PreguntaConceptualId</ControlName>
          <AttID>PreguntaConceptualId</AttID>
          <AttType>4</AttType>
          <BaseAttType>4</BaseAttType>
          <PROP_EXT_BASE_ATT_COLLECTION>False</PROP_EXT_BASE_ATT_COLLECTION>
          <GxObjClass>1</GxObjClass>
          <isVariable>False</isVariable>
          <isAttribute>True</isAttribute>
          <ColCount>4</ColCount>
          <ControlType>Edit</ControlType>
          <IsEnumerated>False</IsEnumerated>
          <RowIndex>1</RowIndex>
          <ColIndex>1</ColIndex>
          <AttNumDim>0</AttNumDim>
          <AttCollection>False</AttCollection>
          <idIsSDControl>False</idIsSDControl>
          <RPT_TEXT>Text</RPT_TEXT>
          <RPT_X>358</RPT_X>
          <RPT_Y>0</RPT_Y>
          <RPT_WIDTH>167</RPT_WIDTH>
          <RPT_WIDTH_Default>26</RPT_WIDTH_Default>
          <RPT_HEIGHT>15</RPT_HEIGHT>
          <RPT_HEIGHT_Default>15</RPT_HEIGHT_Default>
          <RPT_FORECOLOR>Black, ARGB(255,0,0,0)</RPT_FORECOLOR>
          <RPT_BACKCOLOR>Transparent, ARGB(0,255,255,255)</RPT_BACKCOLOR>
          <RPT_BORDERS>None</RPT_BORDERS>
          <RPT_BORDERWIDTH>1</RPT_BORDERWIDTH>
          <RPT_BORDERCOLOR>Black, ARGB(255,0,0,0)</RPT_BORDERCOLOR>
          <RPT_ALIGNMENT>TopRight</RPT_ALIGNMENT>
          <RPT_FONT>Microsoft Sans Serif, 8pt</RPT_FONT>
          <GxFormat>Text</GxFormat>
          <RPT_WORDWRAP>False</RPT_WORDWRAP>
          <AttEditNameProtected>False</AttEditNameProtected>
          <IsStandardVariable>False</IsStandardVariable>
          <idIsAutoDefinedVariable>False</idIsAutoDefinedVariable>
          <AttEditDisableArrays>False</AttEditDisableArrays>
          <AttEditNewVariable>False</AttEditNewVariable>
          <AttEditDontAssign>False</AttEditDontAssign>
        </ReportAttribute>
      </Controls>
      <Properties>
        <RPT_TEXT_MODE>False</RPT_TEXT_MODE>
        <RPT_INTERNAL_NAME>Conceptuales</RPT_INTERNAL_NAME>
        <RPT_ID>5</RPT_ID>
        <RPT_VISIBLE>True</RPT_VISIBLE>
        <RPT_TEXT>Text</RPT_TEXT>
        <RPT_X>0</RPT_X>
        <RPT_Y>0</RPT_Y>
        <RPT_WIDTH>100</RPT_WIDTH>
        <RPT_HEIGHT>51</RPT_HEIGHT>
      </Properties>
    </PrintBlock>
    <PrintBlock>
      <Controls>
        <ReportAttribute>
          <RPT_TEXT_MODE>False</RPT_TEXT_MODE>
          <RPT_INTERNAL_NAME>ResultTxt</RPT_INTERNAL_NAME>
          <RPT_ID>15</RPT_ID>
          <RPT_VISIBLE>True</RPT_VISIBLE>
          <ControlName>&amp;ResultTxt</ControlName>
          <AttID>&amp;ResultTxt</AttID>
          <AttType>8</AttType>
          <BaseAttType>8</BaseAttType>
          <PROP_EXT_BASE_ATT_COLLECTION>False</PROP_EXT_BASE_ATT_COLLECTION>
          <GxObjClass>1</GxObjClass>
          <isVariable>True</isVariable>
          <isAttribute>False</isAttribute>
          <ColCount>255</ColCount>
          <ControlType>Edit</ControlType>
          <IsEnumerated>False</IsEnumerated>
          <RowIndex>1</RowIndex>
          <ColIndex>1</ColIndex>
          <AttNumDim>0</AttNumDim>
          <AttCollection>False</AttCollection>
          <idIsSDControl>False</idIsSDControl>
          <RPT_TEXT>Text</RPT_TEXT>
          <RPT_X>33</RPT_X>
          <RPT_Y>83</RPT_Y>
          <RPT_WIDTH>617</RPT_WIDTH>
          <RPT_WIDTH_Default>1860</RPT_WIDTH_Default>
          <RPT_HEIGHT>200</RPT_HEIGHT>
          <RPT_HEIGHT_Default>19</RPT_HEIGHT_Default>
          <RPT_FORECOLOR>Black, ARGB(255,0,0,0)</RPT_FORECOLOR>
          <RPT_BACKCOLOR>Transparent, ARGB(0,255,255,255)</RPT_BACKCOLOR>
          <RPT_BORDERS>None</RPT_BORDERS>
          <RPT_BORDERWIDTH>1</RPT_BORDERWIDTH>
          <RPT_BORDERCOLOR>Black, ARGB(255,0,0,0)</RPT_BORDERCOLOR>
          <RPT_ALIGNMENT>TopLeft</RPT_ALIGNMENT>
          <RPT_FONT>Arial, 11.25pt</RPT_FONT>
          <GxFormat>HTML</GxFormat>
          <RPT_WORDWRAP>False</RPT_WORDWRAP>
          <AttEditNameProtected>False</AttEditNameProtected>
          <IsStandardVariable>False</IsStandardVariable>
          <idIsAutoDefinedVariable>False</idIsAutoDefinedVariable>
          <AttEditDisableArrays>False</AttEditDisableArrays>
          <AttEditNewVariable>False</AttEditNewVariable>
          <AttEditDontAssign>False</AttEditDontAssign>
        </ReportAttribute>
        <ReportAttribute>
          <RPT_TEXT_MODE>False</RPT_TEXT_MODE>
          <RPT_INTERNAL_NAME>ResultTitulo</RPT_INTERNAL_NAME>
          <RPT_ID>26</RPT_ID>
          <RPT_VISIBLE>True</RPT_VISIBLE>
          <ControlName>&amp;ResultTitulo</ControlName>
          <AttID>&amp;ResultTitulo</AttID>
          <AttType>8</AttType>
          <BaseAttType>8</BaseAttType>
          <PROP_EXT_BASE_ATT_COLLECTION>False</PROP_EXT_BASE_ATT_COLLECTION>
          <GxObjClass>1</GxObjClass>
          <isVariable>True</isVariable>
          <isAttribute>False</isAttribute>
          <ColCount>255</ColCount>
          <ControlType>Edit</ControlType>
          <IsEnumerated>False</IsEnumerated>
          <RowIndex>1</RowIndex>
          <ColIndex>1</ColIndex>
          <AttNumDim>0</AttNumDim>
          <AttCollection>False</AttCollection>
          <idIsSDControl>False</idIsSDControl>
          <RPT_TEXT>Text</RPT_TEXT>
          <RPT_X>33</RPT_X>
          <RPT_Y>50</RPT_Y>
          <RPT_WIDTH>617</RPT_WIDTH>
          <RPT_WIDTH_Default>1860</RPT_WIDTH_Default>
          <RPT_HEIGHT>20</RPT_HEIGHT>
          <RPT_HEIGHT_Default>20</RPT_HEIGHT_Default>
          <RPT_FORECOLOR>Black, ARGB(255,0,0,0)</RPT_FORECOLOR>
          <RPT_BACKCOLOR>Transparent, ARGB(0,255,255,255)</RPT_BACKCOLOR>
          <RPT_BORDERS>None</RPT_BORDERS>
          <RPT_BORDERWIDTH>1</RPT_BORDERWIDTH>
          <RPT_BORDERCOLOR>Black, ARGB(255,0,0,0)</RPT_BORDERCOLOR>
          <RPT_ALIGNMENT>TopLeft</RPT_ALIGNMENT>
          <RPT_FONT>Arial, 12pt</RPT_FONT>
          <GxFormat>HTML</GxFormat>
          <RPT_WORDWRAP>False</RPT_WORDWRAP>
          <AttEditNameProtected>False</AttEditNameProtected>
          <IsStandardVariable>False</IsStandardVariable>
          <idIsAutoDefinedVariable>False</idIsAutoDefinedVariable>
          <AttEditDisableArrays>False</AttEditDisableArrays>
          <AttEditNewVariable>False</AttEditNewVariable>
          <AttEditDontAssign>False</AttEditDontAssign>
        </ReportAttribute>
        <ReportLabel>
          <RPT_TEXT_MODE>False</RPT_TEXT_MODE>
          <RPT_INTERNAL_NAME>gxReportLabel3</RPT_INTERNAL_NAME>
          <RPT_ID>28</RPT_ID>
          <RPT_VISIBLE>True</RPT_VISIBLE>
          <RPT_TEXT>Conceptual Diagnosis:</RPT_TEXT>
          <RPT_X>33</RPT_X>
          <RPT_Y>17</RPT_Y>
          <RPT_WIDTH>250</RPT_WIDTH>
          <RPT_HEIGHT>20</RPT_HEIGHT>
          <RPT_FORECOLOR>Black, ARGB(255,0,0,0)</RPT_FORECOLOR>
          <RPT_BACKCOLOR>Transparent, ARGB(0,255,255,255)</RPT_BACKCOLOR>
          <RPT_BORDERS>None</RPT_BORDERS>
          <RPT_BORDERWIDTH>1</RPT_BORDERWIDTH>
          <RPT_BORDERCOLOR>Black, ARGB(255,0,0,0)</RPT_BORDERCOLOR>
          <RPT_ALIGNMENT>TopLeft</RPT_ALIGNMENT>
          <RPT_FONT>Arial, 12pt, style=Bold</RPT_FONT>
          <RPT_WORDWRAP>False</RPT_WORDWRAP>
        </ReportLabel>
        <ReportRectangle>
          <RPT_TEXT_MODE>False</RPT_TEXT_MODE>
          <RPT_INTERNAL_NAME>gxReportRectangle1</RPT_INTERNAL_NAME>
          <RPT_ID>29</RPT_ID>
          <RPT_VISIBLE>True</RPT_VISIBLE>
          <RPT_X>17</RPT_X>
          <RPT_Y>0</RPT_Y>
          <RPT_WIDTH>650</RPT_WIDTH>
          <RPT_HEIGHT>300</RPT_HEIGHT>
          <RPT_FORECOLOR>Black, ARGB(255,0,0,0)</RPT_FORECOLOR>
          <RPT_BACKCOLOR>Transparent, ARGB(0,255,255,255)</RPT_BACKCOLOR>
          <RPT_BORDERS>All</RPT_BORDERS>
          <RPT_BORDERWIDTH>1</RPT_BORDERWIDTH>
          <RPT_BORDERCOLOR>Black, ARGB(255,0,0,0)</RPT_BORDERCOLOR>
          <RPT_ALIGNMENT>TopLeft</RPT_ALIGNMENT>
        </ReportRectangle>
      </Controls>
      <Properties>
        <RPT_TEXT_MODE>False</RPT_TEXT_MODE>
        <RPT_INTERNAL_NAME>TestRegla</RPT_INTERNAL_NAME>
        <RPT_ID>14</RPT_ID>
        <RPT_VISIBLE>True</RPT_VISIBLE>
        <RPT_TEXT>Text</RPT_TEXT>
        <RPT_X>0</RPT_X>
        <RPT_Y>0</RPT_Y>
        <RPT_WIDTH>100</RPT_WIDTH>
        <RPT_HEIGHT>300</RPT_HEIGHT>
      </Properties>
    </PrintBlock>
  </Bands>
  <Properties>
    <RPT_TEXT_MODE>False</RPT_TEXT_MODE>
    <RPT_PAPER_SIZE>Custom</RPT_PAPER_SIZE>
    <RPT_PAPER_ORIENTATION>Portrait</RPT_PAPER_ORIENTATION>
    <RPT_PAPER_WIDTH>817</RPT_PAPER_WIDTH>
    <RPT_PAPER_HEIGHT>1169</RPT_PAPER_HEIGHT>
    <RPT_RIGHT_MARGIN>0</RPT_RIGHT_MARGIN>
    <RPT_ATT_FONT>Microsoft Sans Serif, 8pt</RPT_ATT_FONT>
    <RPT_TXT_FONT>Microsoft Sans Serif, 8pt</RPT_TXT_FONT>
  </Properties>
</Report>